W/PackageManager( 1971): Unknown permission com.google.android.googleapps.permission.GOOGLE_AUTH.cl in package com.android.providers.calendar
W/PackageManager( 1971): Unknown permission KILL_BACKGROUND_PROCESSES in package settings.wiseasy.com.settings
W/PackageManager( 1971): Unknown permission android.permisssion.MODIFY_PHONE_STATE in package settings.wiseasy.com.settings
W/PackageManager( 1971): Unknown permission cn.weipass.service.permission.DATACACHE_READ in package cn.weipass.appmarket
W/PackageManager( 1971): Unknown permission android.permission.CUSTOM_APP in package cn.weipass.appmarket
W/PackageManager( 1971): Unknown permission android.permission.SYSTEM_OVERLAY_WINDOW in package cn.weipass.appmarket
W/PackageManager( 1971): Unknown permission MOUNT_UNMOUNT_FILESYSTEMS in package cn.weipass.appmarket
W/PackageManager( 1971): Unknown permission wangpos.sdk4.keymanager.provider.KeyManagerContentProvider.READ_DATABASE in package wangpos.sdk4.base
W/PackageManager( 1971): Unknown permission com.pos.permission.ACCESSORY_DATETIME in package wangpos.sdk4.base
W/PackageManager( 1971): Unknown permission com.pos.permission.ACCESSORY_LED in package wangpos.sdk4.base
W/PackageManager( 1971): Unknown permission com.pos.permission.ACCESSORY_BEEP in package wangpos.sdk4.base
W/PackageManager( 1971): Unknown permission com.pos.permission.CARD_READER_ICC in package wangpos.sdk4.base
W/PackageManager( 1971): Unknown permission com.pos.permission.CARD_READER_PICC in package wangpos.sdk4.base
W/PackageManager( 1971): Unknown permission com.pos.permission.CARD_READER_MAG in package wangpos.sdk4.base
W/PackageManager( 1971): Unknown permission com.pos.permission.COMMUNICATION in package wangpos.sdk4.base
W/PackageManager( 1971): Unknown permission com.pos.permission.PRINTER in package wangpos.sdk4.base
W/PackageManager( 1971): Unknown permission com.pos.permission.SECURITY in package wangpos.sdk4.base
W/PackageManager( 1971): Not granting permission android.permission.MOUNT_UNMOUNT_FILESYSTEMS to package com.iflytek.speechcloud (protectionLevel=18 flags=0xbe45)
W/PackageManager( 1971): Not granting permission android.permission.READ_LOGS to package com.iflytek.speechcloud (protectionLevel=50 flags=0xbe45)
W/PackageManager( 1971): Not granting permission android.permission.ACCESS_DOWNLOAD_MANAGER to package com.android.browser (protectionLevel=18 flags=0x9be45)
W/PackageManager( 1971): Not granting permission android.permission.SEND_DOWNLOAD_COMPLETED_INTENTS to package com.android.browser (protectionLevel=2 flags=0x9be45)
W/PackageManager( 1971): Unknown permission android.permission.VIBRATION in package com.baidu.input_mi
W/PackageManager( 1971): Not granting permission android.permission.READ_LOGS to package com.baidu.input_mi (protectionLevel=50 flags=0x8be45)
W/PackageManager( 1971): Unknown permission android.permission.CLOUDPOS_SAFE_MODULE in package cn.weipass.unionpayservice
W/PackageManager( 1971): Unknown permission wangpos.sdk4.keymanager.provider.KeyManagerContentProvider.READ_DATABASE in package com.android.pinpaddialog
W/PackageManager( 1971): Unknown permission android.Manifest.permission.CONTROL_KEYGUARD in package wangpos.upgrade.system
W/PackageManager( 1971): Unknown permission android.permission.MMS_PUSH in package org.codeaurora.bluetooth
W/PackageManager( 1971): Unknown permission com.android.email.permission.ACCESS_PROVIDER in package org.codeaurora.bluetooth
W/PackageManager( 1971): Unknown permission com.android.email.permission.READ_ATTACHMENT in package org.codeaurora.bluetooth
W/PackageManager( 1971): Unknown permission com.pos.permission.ACCESSORY_DATETIME in package com.wiseasy.tekey_rr
W/PackageManager( 1971): Unknown permission com.pos.permission.ACCESSORY_LED in package com.wiseasy.tekey_rr
W/PackageManager( 1971): Unknown permission com.pos.permission.ACCESSORY_BEEP in package com.wiseasy.tekey_rr
W/PackageManager( 1971): Unknown permission com.pos.permission.CARD_READER_ICC in package com.wiseasy.tekey_rr
W/PackageManager( 1971): Unknown permission com.pos.permission.CARD_READER_PICC in package com.wiseasy.tekey_rr
W/PackageManager( 1971): Unknown permission com.pos.permission.CARD_READER_MAG in package com.wiseasy.tekey_rr
W/PackageManager( 1971): Unknown permission com.pos.permission.COMMUNICATION in package com.wiseasy.tekey_rr
W/PackageManager( 1971): Unknown permission com.pos.permission.PRINTER in package com.wiseasy.tekey_rr
W/PackageManager( 1971): Unknown permission com.pos.permission.SECURITY in package com.wiseasy.tekey_rr
W/PackageManager( 1971): Unknown permission com.android.firewall.READ_GRAVITY in package com.android.contacts
W/PackageManager( 1971): Unknown permission com.android.firewall.WRITE_GRAVITY in package com.android.contacts
W/PackageManager( 1971): Unknown permission android.permission.INSTALL_DRM in package com.android.mms
W/PackageManager( 1971): Unknown permission com.qualcomm.permission.USE_PHONE_SERVICE in package com.android.mms
W/PackageManager( 1971): Not granting permission android.permission.MANAGE_DOCUMENTS to package com.android.mms (protectionLevel=2 flags=0x4049be65)
W/PackageManager( 1971): Unknown permission com.android.firewall.READ_GRAVITY in package com.android.mms
W/PackageManager( 1971): Unknown permission com.android.firewall.WRITE_GRAVITY in package com.android.mms
W/PackageManager( 1971): Not granting permission android.permission.MOUNT_UNMOUNT_FILESYSTEMS to package cn.weipass.idreader (protectionLevel=18 flags=0x48be45)
W/PackageManager( 1971): Unknown permission com.android.launcher.permission.READ_SETTINGS in package com.android.onetimeinitializer
W/PackageManager( 1971): Unknown permission com.android.launcher.permission.WRITE_SETTINGS in package com.android.onetimeinitializer
W/PackageManager( 1971): Unknown permission com.android.launcher.permission.READ_SETTINGS in package cn.wiseasy.selfchecking
W/PackageManager( 1971): Unknown permission com.android.launcher.permission.WRITE_SETTINGS in package cn.wiseasy.selfchecking
W/PackageManager( 1971): Unknown permission com.android.launcher3.permission.READ_SETTINGS in package cn.wiseasy.selfchecking
W/PackageManager( 1971): Unknown permission android.permission.SYSTEM_OVERLAY_WINDOW in package cn.wiseasy.selfchecking
W/PackageManager( 1971): Unknown permission com.qualcomm.permission.USE_PHONE_SERVICE in package com.android.dialer
W/PackageManager( 1971): Unknown permission com.android.firewall.READ_GRAVITY in package com.android.dialer
W/PackageManager( 1971): Unknown permission com.android.firewall.WRITE_GRAVITY in package com.android.dialer
W/PackageManager( 1971): Not granting permission android.permission.DELETE_PACKAGES to package com.svox.pico (protectionLevel=18 flags=0x8be45)
W/PackageManager( 1971): Unknown permission weipass.market.done in package wiseasy.com.simmanager
W/PackageManager( 1971): Unknown permission android.permission.SYSTEM_OVERLAY_WINDOW in package wiseasy.com.simmanager
W/PackageManager( 1971): Unknown permission com.qualcomm.permission.ACCESS_LOCATION_API in package com.qualcomm.location
W/PackageManager( 1971): Unknown permission com.qualcomm.permission.wfd.QC_WFD in package com.qualcomm.qti.services.secureui
W/PackageManager( 1971): Unknown permission com.android.launcher.permission.READ_SETTINGS in package cn.wiseasy.launcher
W/PackageManager( 1971): Unknown permission com.android.launcher.permission.WRITE_SETTINGS in package cn.wiseasy.launcher
W/PackageManager( 1971): Unknown permission weipass.market.done in package cn.wiseasy.launcher
W/PackageManager( 1971): Unknown permission android.permission.WRITE_SECURES in package com.android.aging
W/PackageManager( 1971): Unknown permission android.permission.ACCESS_COARSE_LOCAION in package com.android.aging
W/PackageManager( 1971): Unknown permission com.android.launcher.permission.READ_SETTINGS in package com.android.aging
W/PackageManager( 1971): Unknown permission com.android.launcher.permission.WRITE_SETTINGS in package com.android.aging
W/PackageManager( 1971): Unknown permission adnroid.permission.ACCESS_CHECKIN_PROPERTTES in package com.android.aging
W/PackageManager( 1971): Unknown permission com.android.firewall.READ_GRAVITY in package com.android.phone
W/PackageManager( 1971): Not granting permission android.permission.MOUNT_UNMOUNT_FILESYSTEMS to package cn.weipass.location (protectionLevel=18 flags=0x8be45)
W/PackageManager( 1971): Not granting permission android.permission.BATTERY_STATS to package cn.weipass.location (protectionLevel=50 flags=0x8be45)
W/PackageManager( 1971): Unknown permission com.google.android.gallery3d.permission.GALLERY_PROVIDER in package com.android.bluetooth
W/PackageManager( 1971): Unknown permission com.android.email.permission.ACCESS_PROVIDER in package com.android.bluetooth
W/PackageManager( 1971): Unknown permission com.android.email.permission.READ_ATTACHMENT in package com.android.bluetooth
W/PackageManager( 1971): Unknown permission android.permission.CUSTOM_APP in package cn.weipass.wangposupdate
W/PackageManager( 1971): Unknown permission android.permission.access_wifi_state in package cn.weipass.wangposupdate
W/PackageManager( 1971): Unknown permission android.permission.access_network_state in package cn.weipass.wangposupdate
W/PackageManager( 1971): Unknown permission android.permission.SYSTEM_OVERLAY_WINDOW in package cn.wiseasy.help
I/SystemServer( 1971): User Service
I/SystemServiceManager( 1971): Starting com.android.server.lights.LightsService
I/SystemServiceManager( 1971): Starting com.android.server.BatteryService
I/SystemServiceManager( 1971): Starting com.android.server.usage.UsageStatsService
I/UsageStatsService( 1971): User[0] Rollover scheduled @ 1970-01-06 08:00:00(432000000)
I/SystemServiceManager( 1971): Starting com.android.server.webkit.WebViewUpdateService
I/SystemServer( 1971): starting scservice
I/SystemServer( 1971): Created scservice Service
I/SystemServer( 1971): Reading configuration...
I/SystemServer( 1971): Scheduling Policy
I/SystemServiceManager( 1971): Starting com.android.server.telecom.TelecomLoaderService
I/SystemServer( 1971): Telephony Registry
I/SystemServer( 1971): Entropy Mixer
I/EntropyMixer( 1971): Writing entropy...
I/SystemServer( 1971): Account Manager
I/SystemServer( 1971): Content Manager
I/SystemServer( 1971): System Content Providers
I/ResourcesManager( 1971): Created app resources /system/priv-app/SettingsProvider/SettingsProvider.apk android.content.res.Resources@58a5e8b: {1.0 ?mcc?mnc zh_CN ldltr ?swdp ?wdp ?hdp ?density ?lsize ?long ?orien ?uimode ?night ?touch ?keyb/?/? ?nav/?} appScale=1.0
I/SystemServer( 1971): Vibrator Service
I/SystemServer( 1971): Consumer IR Service
I/SystemServiceManager( 1971): Starting com.android.server.AlarmManagerService
I/SystemServer( 1971): Init Watchdog
I/SystemServer( 1971): Input Manager
I/InputManager( 1971): Initializing input manager, mUseDevInputEventForAudioJack=true
I/SystemServer( 1971): Window Manager
I/WindowManager( 1971): No existing display settings /data/system/display_settings.xml; starting empty
I/InputManager( 1971): Starting input manager
I/SystemServer( 1971): Bluetooth Manager Service
I/SystemServer( 1971): Input Method Service
W/InputMethodManagerService( 1971): Couldn't create dir.: /data/system/inputmethod
I/ResourcesManager( 1971): Created app resources /system/app/baidu_input_for_xiaomiV5/baidu_input_for_xiaomiV5.apk android.content.res.Resources@11642522: {1.0 ?mcc?mnc zh_CN ldltr ?swdp ?wdp ?hdp ?density ?lsize ?long ?orien ?uimode ?night ?touch ?keyb/?/? ?nav/?} appScale=1.0
I/ResourcesManager( 1971): Created app resources /system/app/OpenWnn/OpenWnn.apk android.content.res.Resources@37c9c570: {1.0 ?mcc?mnc zh_CN ldltr ?swdp ?wdp ?hdp ?density ?lsize ?long ?orien ?uimode ?night ?touch ?keyb/?/? ?nav/?} appScale=1.0
I/SystemServer( 1971): Accessibility Manager
I/XXXXXX  ( 1971): choosing minFree values for 32 Bit
I/XXXXXX  ( 1971): choosing minFree values for 32 Bit
I/XXXXXX  ( 1971): choosing minFree values for 32 Bit
I/XXXXXX  ( 1971): choosing minFree values for 32 Bit
I/XXXXXX  ( 1971): choosing minFree values for 32 Bit
I/XXXXXX  ( 1971): choosing minFree values for 32 Bit
I/ActivityManager( 1971): Config changes=1df8 {1.0 ?mcc?mnc zh_CN ?layoutDir sw360dp w360dp h640dp 320dpi nrml long port ?uimode ?night -touch -keyb/v/h -nav/h s.2}
I/ActivityManager( 1971): Config changes=400 {1.0 ?mcc?mnc zh_CN ?layoutDir sw360dp w360dp h615dp 320dpi nrml long port ?uimode ?night -touch -keyb/v/h -nav/h s.3}
I/SystemServer( 1971): Mount Service
D/MountService( 1971): got storage path: /storage/sdcard0 description: 内部存储设备 primary: true removable: false emulated: true mtpReserve: 100 allowMassStorage: false maxFileSize: 0
D/MountService( 1971): addVolumeLocked() StorageVolume:
D/MountService( 1971):     mStorageId=65537 mPath=/storage/emulated/0 mDescriptionId=17040851 
D/MountService( 1971):     mPrimary=true mRemovable=false mEmulated=true mMtpReserveSpace=100 
D/MountService( 1971):     mAllowMassStorage=false mMaxFileSize=0 mOwner=UserHandle{0} mUuid=null 
D/MountService( 1971):     mUserLabel=null mState=null 
D/MountService( 1971): got storage path: /storage/sdcard1 description: SD卡 primary: false removable: true emulated: false mtpReserve: 0 allowMassStorage: true maxFileSize: 0
D/MountService( 1971): addVolumeLocked() StorageVolume:
D/MountService( 1971):     mStorageId=0 mPath=/storage/sdcard1 mDescriptionId=17040852 mPrimary=false 
D/MountService( 1971):     mRemovable=true mEmulated=false mMtpReserveSpace=0 mAllowMassStorage=true 
D/MountService( 1971):     mMaxFileSize=0 mOwner=null mUuid=null mUserLabel=null mState=null 
D/MountService( 1971): got storage path: /storage/uicc0 description: 电话卡存储设备 primary: false removable: true emulated: false mtpReserve: 0 allowMassStorage: true maxFileSize: 0
D/MountService( 1971): addVolumeLocked() StorageVolume:
D/MountService( 1971):     mStorageId=0 mPath=/storage/uicc0 mDescriptionId=17040854 mPrimary=false 
D/MountService( 1971):     mRemovable=true mEmulated=false mMtpReserveSpace=0 mAllowMassStorage=true 
D/MountService( 1971):     mMaxFileSize=0 mOwner=null mUuid=null mUserLabel=null mState=null 
D/MountService( 1971): got storage path: /storage/uicc1 description: 电话卡存储设备 primary: false removable: true emulated: false mtpReserve: 0 allowMassStorage: false maxFileSize: 0
D/MountService( 1971): addVolumeLocked() StorageVolume:
D/MountService( 1971):     mStorageId=0 mPath=/storage/uicc1 mDescriptionId=17040854 mPrimary=false 
D/MountService( 1971):     mRemovable=true mEmulated=false mMtpReserveSpace=0 mAllowMassStorage=false 
D/MountService( 1971):     mMaxFileSize=0 mOwner=null mUuid=null mUserLabel=null mState=null 
D/MountService( 1971): got storage path: /storage/usbotg description: USB存储器 primary: false removable: true emulated: false mtpReserve: 0 allowMassStorage: false maxFileSize: 0
D/MountService( 1971): addVolumeLocked() StorageVolume:
D/MountService( 1971):     mStorageId=0 mPath=/storage/usbotg mDescriptionId=17040853 mPrimary=false 
D/MountService( 1971):     mRemovable=true mEmulated=false mMtpReserveSpace=0 mAllowMassStorage=false 
D/MountService( 1971):     mMaxFileSize=0 mOwner=null mUuid=null mUserLabel=null mState=null 
I/SystemServer( 1971): LockSettingsService
I/SystemServiceManager( 1971): Starting com.android.server.devicepolicy.DevicePolicyManagerService$Lifecycle
I/SystemServer( 1971): Status Bar
D/MountService( 1971): volume state changed for /storage/sdcard1 (unmounted -> removed)
D/MountService( 1971): volume state changed for /storage/usbotg (unmounted -> removed)
I/SystemServer( 1971): Clipboard Service
W/ClipboardService( 1971): No security bridge jar found, using default
W/PackageManager( 1971): Unknown permission com.google.android.googleapps.permission.GOOGLE_AUTH in package com.android.providers.calendar
W/PackageManager( 1971): Unknown permission com.google.android.googleapps.permission.GOOGLE_AUTH.cl in package com.android.providers.calendar
W/PackageManager( 1971): Unknown permission KILL_BACKGROUND_PROCESSES in package settings.wiseasy.com.settings
W/PackageManager( 1971): Unknown permission android.permisssion.MODIFY_PHONE_STATE in package settings.wiseasy.com.settings
W/PackageManager( 1971): Unknown permission cn.weipass.service.permission.DATACACHE_READ in package cn.weipass.appmarket
W/PackageManager( 1971): Unknown permission android.permission.CUSTOM_APP in package cn.weipass.appmarket
W/PackageManager( 1971): Unknown permission android.permission.SYSTEM_OVERLAY_WINDOW in package cn.weipass.appmarket
W/PackageManager( 1971): Unknown permission MOUNT_UNMOUNT_FILESYSTEMS in package cn.weipass.appmarket
W/PackageManager( 1971): Unknown permission wangpos.sdk4.keymanager.provider.KeyManagerContentProvider.READ_DATABASE in package wangpos.sdk4.base
W/PackageManager( 1971): Unknown permission com.pos.permission.ACCESSORY_DATETIME in package wangpos.sdk4.base
W/PackageManager( 1971): Unknown permission com.pos.permission.ACCESSORY_LED in package wangpos.sdk4.base
W/PackageManager( 1971): Unknown permission com.pos.permission.ACCESSORY_BEEP in package wangpos.sdk4.base
W/PackageManager( 1971): Unknown permission com.pos.permission.CARD_READER_ICC in package wangpos.sdk4.base
I/SystemServer( 1971): NetworkManagement Service
W/PackageManager( 1971): Unknown permission com.pos.permission.CARD_READER_PICC in package wangpos.sdk4.base
W/PackageManager( 1971): Unknown permission com.pos.permission.CARD_READER_MAG in package wangpos.sdk4.base
W/PackageManager( 1971): Unknown permission com.pos.permission.COMMUNICATION in package wangpos.sdk4.base
W/PackageManager( 1971): Unknown permission com.pos.permission.PRINTER in package wangpos.sdk4.base
W/PackageManager( 1971): Unknown permission com.pos.permission.SECURITY in package wangpos.sdk4.base
W/PackageManager( 1971): Not granting permission android.permission.MOUNT_UNMOUNT_FILESYSTEMS to package com.iflytek.speechcloud (protectionLevel=18 flags=0xbe45)
W/PackageManager( 1971): Not granting permission android.permission.READ_LOGS to package com.iflytek.speechcloud (protectionLevel=50 flags=0xbe45)
W/PackageManager( 1971): Not granting permission android.permission.ACCESS_DOWNLOAD_MANAGER to package com.android.browser (protectionLevel=18 flags=0x9be45)
W/PackageManager( 1971): Not granting permission android.permission.SEND_DOWNLOAD_COMPLETED_INTENTS to package com.android.browser (protectionLevel=2 flags=0x9be45)
W/PackageManager( 1971): Unknown permission android.permission.VIBRATION in package com.baidu.input_mi
W/PackageManager( 1971): Not granting permission android.permission.READ_LOGS to package com.baidu.input_mi (protectionLevel=50 flags=0x88be45)
W/PackageManager( 1971): Unknown permission android.permission.CLOUDPOS_SAFE_MODULE in package cn.weipass.unionpayservice
W/PackageManager( 1971): Unknown permission wangpos.sdk4.keymanager.provider.KeyManagerContentProvider.READ_DATABASE in package com.android.pinpaddialog
W/PackageManager( 1971): Unknown permission android.Manifest.permission.CONTROL_KEYGUARD in package wangpos.upgrade.system
W/PackageManager( 1971): Unknown permission android.permission.MMS_PUSH in package org.codeaurora.bluetooth
W/PackageManager( 1971): Unknown permission com.android.email.permission.ACCESS_PROVIDER in package org.codeaurora.bluetooth
W/PackageManager( 1971): Unknown permission com.android.email.permission.READ_ATTACHMENT in package org.codeaurora.bluetooth
W/PackageManager( 1971): Unknown permission com.pos.permission.ACCESSORY_DATETIME in package com.wiseasy.tekey_rr
W/PackageManager( 1971): Unknown permission com.pos.permission.ACCESSORY_LED in package com.wiseasy.tekey_rr
W/PackageManager( 1971): Unknown permission com.pos.permission.ACCESSORY_BEEP in package com.wiseasy.tekey_rr
W/PackageManager( 1971): Unknown permission com.pos.permission.CARD_READER_ICC in package com.wiseasy.tekey_rr
W/PackageManager( 1971): Unknown permission com.pos.permission.CARD_READER_PICC in package com.wiseasy.tekey_rr
W/PackageManager( 1971): Unknown permission com.pos.permission.CARD_READER_MAG in package com.wiseasy.tekey_rr
W/PackageManager( 1971): Unknown permission com.pos.permission.COMMUNICATION in package com.wiseasy.tekey_rr
W/PackageManager( 1971): Unknown permission com.pos.permission.PRINTER in package com.wiseasy.tekey_rr
W/PackageManager( 1971): Unknown permission com.pos.permission.SECURITY in package com.wiseasy.tekey_rr
W/PackageManager( 1971): Unknown permission com.android.firewall.READ_GRAVITY in package com.android.contacts
W/PackageManager( 1971): Unknown permission com.android.firewall.WRITE_GRAVITY in package com.android.contacts
W/PackageManager( 1971): Unknown permission android.permission.INSTALL_DRM in package com.android.mms
W/PackageManager( 1971): Unknown permission com.qualcomm.permission.USE_PHONE_SERVICE in package com.android.mms
W/PackageManager( 1971): Not granting permission android.permission.MANAGE_DOCUMENTS to package com.android.mms (protectionLevel=2 flags=0x4049be65)
W/PackageManager( 1971): Unknown permission com.android.firewall.READ_GRAVITY in package com.android.mms
W/PackageManager( 1971): Unknown permission com.android.firewall.WRITE_GRAVITY in package com.android.mms
W/PackageManager( 1971): Not granting permission android.permission.MOUNT_UNMOUNT_FILESYSTEMS to package cn.weipass.idreader (protectionLevel=18 flags=0x48be45)
W/PackageManager( 1971): Unknown permission com.android.launcher.permission.READ_SETTINGS in package com.android.onetimeinitializer
W/PackageManager( 1971): Unknown permission com.android.launcher.permission.WRITE_SETTINGS in package com.android.onetimeinitializer
W/PackageManager( 1971): Unknown permission com.android.launcher.permission.READ_SETTINGS in package cn.wiseasy.selfchecking
W/PackageManager( 1971): Unknown permission com.android.launcher.permission.WRITE_SETTINGS in package cn.wiseasy.selfchecking
W/PackageManager( 1971): Unknown permission com.android.launcher3.permission.READ_SETTINGS in package cn.wiseasy.selfchecking
W/PackageManager( 1971): Unknown permission android.permission.SYSTEM_OVERLAY_WINDOW in package cn.wiseasy.selfchecking
W/PackageManager( 1971): Unknown permission com.qualcomm.permission.USE_PHONE_SERVICE in package com.android.dialer
W/PackageManager( 1971): Unknown permission com.android.firewall.READ_GRAVITY in package com.android.dialer
W/PackageManager( 1971): Unknown permission com.android.firewall.WRITE_GRAVITY in package com.android.dialer
W/PackageManager( 1971): Not granting permission android.permission.DELETE_PACKAGES to package com.svox.pico (protectionLevel=18 flags=0x8be45)
W/PackageManager( 1971): Unknown permission weipass.market.done in package wiseasy.com.simmanager
W/PackageManager( 1971): Unknown permission android.permission.SYSTEM_OVERLAY_WINDOW in package wiseasy.com.simmanager
W/PackageManager( 1971): Unknown permission com.qualcomm.permission.ACCESS_LOCATION_API in package com.qualcomm.location
W/PackageManager( 1971): Unknown permission com.qualcomm.permission.wfd.QC_WFD in package com.qualcomm.qti.services.secureui
W/PackageManager( 1971): Unknown permission com.android.launcher.permission.READ_SETTINGS in package cn.wiseasy.launcher
W/PackageManager( 1971): Unknown permission com.android.launcher.permission.WRITE_SETTINGS in package cn.wiseasy.launcher
W/PackageManager( 1971): Unknown permission weipass.market.done in package cn.wiseasy.launcher
W/PackageManager( 1971): Unknown permission android.permission.WRITE_SECURES in package com.android.aging
W/PackageManager( 1971): Unknown permission android.permission.ACCESS_COARSE_LOCAION in package com.android.aging
W/PackageManager( 1971): Unknown permission com.android.launcher.permission.READ_SETTINGS in package com.android.aging
W/PackageManager( 1971): Unknown permission com.android.launcher.permission.WRITE_SETTINGS in package com.android.aging
W/PackageManager( 1971): Unknown permission adnroid.permission.ACCESS_CHECKIN_PROPERTTES in package com.android.aging
W/PackageManager( 1971): Unknown permission com.android.firewall.READ_GRAVITY in package com.android.phone
W/PackageManager( 1971): Not granting permission android.permission.MOUNT_UNMOUNT_FILESYSTEMS to package cn.weipass.location (protectionLevel=18 flags=0x8be45)
W/PackageManager( 1971): Not granting permission android.permission.BATTERY_STATS to package cn.weipass.location (protectionLevel=50 flags=0x8be45)
W/PackageManager( 1971): Unknown permission com.google.android.gallery3d.permission.GALLERY_PROVIDER in package com.android.bluetooth
W/PackageManager( 1971): Unknown permission com.android.email.permission.ACCESS_PROVIDER in package com.android.bluetooth
W/PackageManager( 1971): Unknown permission com.android.email.permission.READ_ATTACHMENT in package com.android.bluetooth
W/PackageManager( 1971): Unknown permission android.permission.CUSTOM_APP in package cn.weipass.wangposupdate
W/PackageManager( 1971): Unknown permission android.permission.access_wifi_state in package cn.weipass.wangposupdate
W/PackageManager( 1971): Unknown permission android.permission.access_network_state in package cn.weipass.wangposupdate
W/PackageManager( 1971): Unknown permission android.permission.SYSTEM_OVERLAY_WINDOW in package cn.wiseasy.help
I/SystemServer( 1971): Text Service Manager Service
W/TextServicesManagerService( 1971): no available spell checker services found
I/SystemServer( 1971): Network Score Service
I/SystemServer( 1971): NetworkStats Service
I/SystemServer( 1971): NetworkPolicy Service
I/SystemServiceManager( 1971): Starting com.android.server.wifi.p2p.WifiP2pService
I/SystemServiceManager( 1971): Starting com.android.server.wifi.WifiService
I/SystemServiceManager( 1971): Starting com.android.server.wifi.WifiScanningService
I/SystemServiceManager( 1971): Starting com.android.server.wifi.RttService
I/SystemServiceManager( 1971): Starting com.android.server.ethernet.EthernetService
I/SystemServer( 1971): Connectivity Service
I/ActivityManager( 1971): Config changes=8 {1.0 ?mcc?mnc zh_CN ?layoutDir sw360dp w360dp h615dp 320dpi nrml long port ?uimode ?night finger -keyb/v/h -nav/h s.4}
D/ConnectivityService( 1971): ConnectivityService starting up
D/ConnectivityService( 1971): wifiOnly=false
E/ConnectivityService( 1971): Ignoring protectedNetwork 14
E/ConnectivityService( 1971): Ignoring protectedNetwork 15
I/SystemServer( 1971): Network Service Discovery Service
D/NsdService( 1971): Network service discovery enabled true
I/SystemServer( 1971): DPM Service
I/SystemServer( 1971): DPM configuration set to 3
D/WifiService( 1971): New client listening to asynchronous messages
I/SystemServer( 1971): Created DPM Service
I/SystemServer( 1971): UpdateLock Service
I/SystemServiceManager( 1971): Starting com.android.server.notification.NotificationManagerService
D/ZenLog  ( 1971): set_zen_mode: off,setting
I/SystemServiceManager( 1971): Starting com.android.server.storage.DeviceStorageMonitorService
I/SystemServer( 1971): Location Manager
I/SystemServer( 1971): Country Detector
I/SystemServer( 1971): Search Service
I/SystemServer( 1971): DropBox Service
I/SystemServer( 1971): Wallpaper Service
I/SystemServer( 1971): Profile Manager
I/SystemServer( 1971): Audio Service
I/SystemServiceManager( 1971): Starting com.android.server.DockObserver
W/DockObserver( 1971): This kernel does not have dock station support
I/SystemServer( 1971): Wired Accessory Manager
W/WiredAccessoryManager( 1971): This kernel does not have usb audio support
W/WiredAccessoryManager( 1971): This kernel does not have HDMI audio support
I/SystemServiceManager( 1971): Starting com.android.server.usb.UsbService$Lifecycle
I/SystemServer( 1971): Serial Service
I/SystemServiceManager( 1971): Starting com.android.server.twilight.TwilightService
I/SystemServiceManager( 1971): Starting com.android.server.UiModeManagerService
I/SystemServiceManager( 1971): Starting com.android.server.job.JobSchedulerService
I/SystemServiceManager( 1971): Starting com.android.server.backup.BackupManagerService$Lifecycle
I/SystemServiceManager( 1971): Starting com.android.server.appwidget.AppWidgetService
I/SystemServiceManager( 1971): Starting com.android.server.voiceinteraction.VoiceInteractionManagerService
I/SystemServer( 1971): DiskStats Service
I/SystemServer( 1971): SamplingProfiler Service
I/SystemServer( 1971): NetworkTimeUpdateService
I/SystemServer( 1971): CommonTimeManagementService
I/SystemServer( 1971): CertBlacklister
I/SystemServiceManager( 1971): Starting com.android.server.dreams.DreamManagerService
I/SystemServer( 1971): Assets Atlas Service
I/SystemServiceManager( 1971): Starting com.android.server.print.PrintManagerService
I/SystemServiceManager( 1971): Starting com.android.server.restrictions.RestrictionsManagerService
I/SystemServiceManager( 1971): Starting com.android.server.media.MediaSessionService
I/SystemServer( 1971): Media Router Service
I/SystemServiceManager( 1971): Starting com.android.server.trust.TrustManagerService
I/SystemServer( 1971): BackgroundDexOptService
I/SystemServiceManager( 1971): Starting com.android.server.pm.LauncherAppsService
D/SystemServer( 1971): Wipower not supported
I/SystemServiceManager( 1971): Starting com.android.server.media.projection.MediaProjectionManagerService
I/SystemServiceManager( 1971): Starting com.android.server.MmsServiceBroker
E/LockSettingsStorage( 1971): Cannot read file java.io.FileNotFoundException: /data/system/password.key: open failed: ENOENT (No such file or directory)
E/LockSettingsStorage( 1971): Cannot read file java.io.FileNotFoundException: /data/system/gesture.key: open failed: ENOENT (No such file or directory)
I/SystemServiceManager( 1971): Starting phase 480
I/SystemServiceManager( 1971): Starting phase 500
I/WifiService( 1971): WifiService starting up with Wi-Fi enabled
D/WifiService( 1971): setWifiEnabled: true pid=1971, uid=1000
E/WifiService( 1971): Invoking mWifiStateMachine.setWifiEnabled
D/WifiScanningService( 1971): New client, channel: null messenger: null
D/ConnectivityService( 1971): Got NetworkFactory Messenger for Ethernet
I/ActivityManager( 1971): Config changes=200 {1.0 ?mcc?mnc zh_CN ?layoutDir sw360dp w360dp h615dp 320dpi nrml long port finger -keyb/v/h -nav/h s.5}
V/BackupManagerService( 1971): No ancestral data
D/BackupManagerService( 1971): Now staging backup of com.android.providers.telephony
D/BackupManagerService( 1971): Now staging backup of com.android.browser
D/BackupManagerService( 1971): Now staging backup of android
D/BackupManagerService( 1971): Now staging backup of com.android.mms
D/BackupManagerService( 1971): Now staging backup of com.android.providers.settings
D/BackupManagerService( 1971): Now staging backup of com.android.sharedstoragebackup
D/BackupManagerService( 1971): Now staging backup of com.android.dialer
V/BackupManagerService( 1971): Starting with transport android/com.android.internal.backup.LocalTransport
V/BackupManagerService( 1971): Found transports: 1
I/BackupManagerService( 1971): Binding to transport host ComponentInfo{android/com.android.internal.backup.LocalTransportService}
I/BackupManagerService( 1971): Found stale backup journal, scheduling
I/DisplayManagerService( 1971): Display device changed: DisplayDeviceInfo{"内置屏幕": uniqueId="local:0", 720 x 1280, 45.0 fps, supportedRefreshRates [45.0], density 320, 160.421 x 160.157 dpi, appVsyncOff 0, presDeadline 23222222, touch INTERNAL, rotation 0, type BUILT_IN, state ON, FLAG_DEFAULT_DISPLAY, FLAG_ROTATES_WITH_CONTENT, FLAG_SECURE, FLAG_SUPPORTS_PROTECTED_BUFFERS}
W/PackageManager( 1971): Removing dangling preferred activity: ComponentInfo{cn.wiseasy.bootguide/com.android.launcher2.Launcher}
I/AppOps  ( 1971): Pruning old package media/1013: new uid=-1
I/ActivityManager( 1971): System now ready
I/SystemServer( 1971): Making services ready
I/SystemServiceManager( 1971): Starting phase 550
I/SystemServer( 1971): WebViewFactory preparation
I/ActivityManager( 1971): Start proc 2975:WebViewLoader-armeabi-v7a/1037 [android.webkit.WebViewFactory$RelroFileCreator] for 
I/ActivityManager( 1971): Start proc 2993:com.android.systemui/u0a12 for service com.android.systemui/.SystemUIService
D/NetworkManagementService( 1971): enabling bandwidth control
E/MountService( 1971): Boot-time mount failed (-1)
E/MountService( 1971): Boot-time mount failed (-1)
W/MountService( 1971): Duplicate state transition (mounted -> mounted) for /storage/emulated/0
I/ActivityManager( 1971): Start proc 3014:settings.wiseasy.com.settings/1000 for broadcast settings.wiseasy.com.settings/.usb.PosUsbReceiver
I/ResourcesManager( 2993): Created app resources /system/priv-app/SystemUI/SystemUI.apk android.content.res.Resources@df9a4bb: {1.0 ?mcc?mnc zh_CN ldltr sw360dp w360dp h615dp 320dpi nrml long port finger -keyb/v/h -nav/h s.5} appScale=1.0
I/ResourcesManager( 3014): Created app resources /system/app/WangUI3_Settings/WangUI3_Settings.apk android.content.res.Resources@df9a4bb: {1.0 ?mcc?mnc zh_CN ldltr sw360dp w360dp h615dp 320dpi nrml long port finger -keyb/v/h -nav/h s.5} appScale=1.0
V/FingerprintManager( 2993): FingerprintManagerService was null
I/ResourcesManager( 2993): Created app resources /system/app/CIT/CIT.apk android.content.res.Resources@23e5b09e: {1.0 ?mcc?mnc zh_CN ldltr sw360dp w360dp h615dp 320dpi nrml long port finger -keyb/v/h -nav/h s.5} appScale=1.0
I/ResourcesManager( 2993): Created app resources /system/app/WangUI3_Settings/WangUI3_Settings.apk android.content.res.Resources@3cd0877f: {1.0 ?mcc?mnc zh_CN ldltr sw360dp w360dp h615dp 320dpi nrml long port finger -keyb/v/h -nav/h s.5} appScale=1.0
I/ResourcesManager( 2993): Created app resources /system/app/SilentInstaller/SilentInstaller.apk android.content.res.Resources@33440f95: {1.0 ?mcc?mnc zh_CN ldltr sw360dp w360dp h615dp 320dpi nrml long port finger -keyb/v/h -nav/h s.5} appScale=1.0
W/ContextImpl( 3014): Calling a method in the system process without a qualified user: android.app.ContextImpl.bindService:1763 android.content.ContextWrapper.bindService:539 cn.weipass.pos.sdk.impl.WeiposImpl.startOldService:199 cn.weipass.pos.sdk.impl.WeiposImpl.init:140 settings.wiseasy.com.settings.LauncherApplication.onCreate:56 
I/ActivityManager( 1971): Start proc 3106:cn.weipass.service/1000 for service cn.weipass.service/.WangPosService
W/ProcessCpuTracker( 1971): Skipping unknown process pid 3104
I/ActivityManager( 1971): Start proc 3119:android.process.media/u0a5 for broadcast com.android.providers.media/.MtpReceiver
I/ResourcesManager( 3106): Created app resources /system/app/WangposService_3-release/WangposService_3-release.apk android.content.res.Resources@df9a4bb: {1.0 ?mcc?mnc zh_CN ldltr sw360dp w360dp h615dp 320dpi nrml long port finger -keyb/v/h -nav/h s.5} appScale=1.0
I/ResourcesManager( 3119): Created app resources /system/priv-app/MediaProvider/MediaProvider.apk android.content.res.Resources@df9a4bb: {1.0 ?mcc?mnc zh_CN ldltr sw360dp w360dp h615dp 320dpi nrml long port finger -keyb/v/h -nav/h s.5} appScale=1.0
I/ResourcesManager( 3119): Created app resources /system/priv-app/DownloadProvider/DownloadProvider.apk android.content.res.Resources@30af2531: {1.0 ?mcc?mnc zh_CN ldltr sw360dp w360dp h615dp 320dpi nrml long port finger -keyb/v/h -nav/h s.5} appScale=1.0
I/StatusBarManagerService( 1971): registerStatusBar bar=com.android.internal.statusbar.IStatusBar$Stub$Proxy@28e91f00
E/NetdConnector( 1971): NDC Command {2 bandwidth enable} took too long (1998ms)
E/NetdConnector( 1971): NDC Command {3 softap fwreload wlan0 STA} took too long (1473ms)
W/ContextImpl( 3106): Calling a method in the system process without a qualified user: android.app.ContextImpl.bindService:1763 android.content.ContextWrapper.bindService:539 cn.weipass.app.MainApp.startLocationService:147 cn.weipass.app.MainApp.onCreate:75 android.app.Instrumentation.callApplicationOnCreate:1012 
I/ActivityManager( 1971): Start proc 3197:cn.weipass.location/u0a27 for service cn.weipass.location/.LocationService
I/ResourcesManager( 3197): Created app resources /system/app/LocationService/LocationService.apk android.content.res.Resources@df9a4bb: {1.0 ?mcc?mnc zh_CN ldltr sw360dp w360dp h615dp 320dpi nrml long port finger -keyb/v/h -nav/h s.5} appScale=1.0
I/ActivityManager( 1971): Start proc 3221:wiseasy.com.simmanager/1000 for broadcast wiseasy.com.simmanager/cn.shellinfo.simmanager.receiver.SimReceiver
I/ActivityManager( 1971): Start proc 3264:cn.weipass.location:remote/u0a27 for service cn.weipass.location/com.baidu.location.f
I/ResourcesManager( 3264): Created app resources /system/app/LocationService/LocationService.apk android.content.res.Resources@df9a4bb: {1.0 ?mcc?mnc zh_CN ldltr sw360dp w360dp h615dp 320dpi nrml long port finger -keyb/v/h -nav/h s.5} appScale=1.0
I/ResourcesManager( 2993): Created app resources /system/priv-app/Dialer/Dialer.apk android.content.res.Resources@3cb4c989: {1.0 ?mcc?mnc zh_CN ldltr sw360dp w360dp h615dp 320dpi nrml long port finger -keyb/v/h -nav/h s.5} appScale=1.0
I/ResourcesManager( 3221): Created app resources /system/app/WangPosSim-release/WangPosSim-release.apk android.content.res.Resources@df9a4bb: {1.0 ?mcc?mnc zh_CN ldltr sw360dp w360dp h615dp 320dpi nrml long port finger -keyb/v/h -nav/h s.5} appScale=1.0
W/ContextImpl( 3106): Calling a method in the system process without a qualified user: android.app.ContextImpl.sendBroadcast:1334 android.content.ContextWrapper.sendBroadcast:377 cn.weipass.service.operation.upgrade.UpgradeManager$InstallPackageTask.onUpdating:756 cn.weipass.service.operation.upgrade.UpgradeManager$InstallPackageTask.onProgressUpdate:738 android.os.AsyncTask$InternalHandler.handleMessage:656 
I/ResourcesManager( 2993): Created app resources /system/app/SnapdragonCamera/SnapdragonCamera.apk android.content.res.Resources@15f129af: {1.0 ?mcc?mnc zh_CN ldltr sw360dp w360dp h615dp 320dpi nrml long port finger -keyb/v/h -nav/h s.5} appScale=1.0
D/WifiService( 1971): New client listening to asynchronous messages
E/NetdConnector( 1971): NDC Command {13 firewall disable} took too long (712ms)
I/SystemServiceManager( 1971): Starting phase 600
I/BackupManagerService( 1971): Backup enabled => false
I/BackupManagerService( 1971): Opting out of backup
E/InputMethodManagerService( 1971): Ignoring setImeWindowStatus due to an invalid token. uid:1000 token:null
I/ActivityManager( 1971): Start proc 3353:com.baidu.input_mi/u0a48 for service com.baidu.input_mi/.ImeService
V/InputMethodManagerService( 1971): Adding window token: android.os.Binder@12283eb9
W/ContextImpl( 3221): Calling a method in the system process without a qualified user: android.app.ContextImpl.bindService:1763 android.content.ContextWrapper.bindService:539 cn.weipass.pos.sdk.impl.WeiposImpl.startOldService:198 cn.weipass.pos.sdk.impl.WeiposImpl.init:139 cn.shellinfo.simmanager.app.SimApplication.onCreate:30 
D/ConnectivityService( 1971): Got NetworkFactory Messenger for WIFI
D/ConnectivityService( 1971): Got NetworkFactory Messenger for WIFI_UT
D/WifiService( 1971): New client listening to asynchronous messages
I/ResourcesManager( 3353): Created app resources /system/app/baidu_input_for_xiaomiV5/baidu_input_for_xiaomiV5.apk android.content.res.Resources@df9a4bb: {1.0 ?mcc?mnc zh_CN ldltr sw360dp w360dp h615dp 320dpi nrml long port finger -keyb/v/h -nav/h s.5} appScale=1.0
I/ActivityManager( 1971): Start proc 3391:com.android.contacts/u0a2 for broadcast com.android.contacts/.util.RCSUtil$WifiReceiver
E/LocationManagerService( 1971): no geocoder provider found
W/ContextImpl( 1971): Calling a method in the system process without a qualified user: android.app.ContextImpl.bindService:1763 com.android.server.location.GeoFencerProxy.<init>:86 com.android.server.location.GeoFencerProxy.getGeoFencerProxy:77 com.android.server.LocationManagerService.loadProvidersLocked:522 com.android.server.LocationManagerService.systemRunning:295 
W/ActivityManager( 1971): Permission Denial: not allowed to send broadcast com.wiesasy.battery_changed from pid=2993, uid=10012
--------- beginning of crash
E/AndroidRuntime( 2993): FATAL EXCEPTION: main
E/AndroidRuntime( 2993): Process: com.android.systemui, PID: 2993
E/AndroidRuntime( 2993): java.lang.SecurityException: Permission Denial: not allowed to send broadcast com.wiesasy.battery_changed from pid=2993, uid=10012
E/AndroidRuntime( 2993): 	at android.os.Parcel.readException(Parcel.java:1546)
E/AndroidRuntime( 2993): 	at android.os.Parcel.readException(Parcel.java:1499)
E/AndroidRuntime( 2993): 	at android.app.ActivityManagerProxy.broadcastIntent(ActivityManagerNative.java:2834)
E/AndroidRuntime( 2993): 	at android.app.ContextImpl.sendBroadcast(ContextImpl.java:1338)
E/AndroidRuntime( 2993): 	at android.content.ContextWrapper.sendBroadcast(ContextWrapper.java:377)
E/AndroidRuntime( 2993): 	at com.android.systemui.statusbar.phone.PhoneStatusBar$13.onBatteryLevelChanged(PhoneStatusBar.java:877)
E/AndroidRuntime( 2993): 	at com.android.systemui.statusbar.policy.BatteryController.addStateChangedCallback(BatteryController.java:67)
E/AndroidRuntime( 2993): 	at com.android.systemui.statusbar.phone.PhoneStatusBar.makeStatusBarView(PhoneStatusBar.java:862)
E/AndroidRuntime( 2993): 	at com.android.systemui.statusbar.phone.PhoneStatusBar.addStatusBarWindow(PhoneStatusBar.java:3135)
E/AndroidRuntime( 2993): 	at com.android.systemui.statusbar.phone.PhoneStatusBar.createAndAddWindows(PhoneStatusBar.java:3131)
E/AndroidRuntime( 2993): 	at com.android.systemui.statusbar.BaseStatusBar.start(BaseStatusBar.java:566)
E/AndroidRuntime( 2993): 	at com.android.systemui.statusbar.phone.PhoneStatusBar.start(PhoneStatusBar.java:632)
E/AndroidRuntime( 2993): 	at com.android.systemui.statusbar.SystemBars.createStatusBarFromConfig(SystemBars.java:106)
E/AndroidRuntime( 2993): 	at com.android.systemui.statusbar.SystemBars.onNoService(SystemBars.java:58)
E/AndroidRuntime( 2993): 	at com.android.systemui.statusbar.ServiceMonitor.startService(ServiceMonitor.java:228)
E/AndroidRuntime( 2993): 	at com.android.systemui.statusbar.ServiceMonitor.access$000(ServiceMonitor.java:49)
E/AndroidRuntime( 2993): 	at com.android.systemui.statusbar.ServiceMonitor$1.handleMessage(ServiceMonitor.java:73)
E/AndroidRuntime( 2993): 	at android.os.Handler.dispatchMessage(Handler.java:102)
E/AndroidRuntime( 2993): 	at android.os.Looper.loop(Looper.java:135)
E/AndroidRuntime( 2993): 	at android.app.ActivityThread.main(ActivityThread.java:5271)
E/AndroidRuntime( 2993): 	at java.lang.reflect.Method.invoke(Native Method)
E/AndroidRuntime( 2993): 	at java.lang.reflect.Method.invoke(Method.java:372)
E/AndroidRuntime( 2993): 	at com.android.internal.os.ZygoteInit$MethodAndArgsCaller.run(ZygoteInit.java:902)
E/AndroidRuntime( 2993): 	at com.android.internal.os.ZygoteInit.main(ZygoteInit.java:697)
W/KeyguardServiceDelegate( 1971): onScreenTurnedOn(): no keyguard service!
W/ResourcesManager( 3391): Asset path '/system/framework/rcs_service_api.jar' does not exist or contains no resources.
I/ResourcesManager( 3391): Created app resources /system/priv-app/Contacts/Contacts.apk android.content.res.Resources@df9a4bb: {1.0 ?mcc?mnc zh_CN ldltr sw360dp w360dp h615dp 320dpi nrml long port finger -keyb/v/h -nav/h s.5} appScale=1.0
E/LocationManagerService( 1971): Unable to bind FusedProxy.
E/LocationManagerService( 1971): Unable to bind FLP Geofence proxy.
E/LocationManagerService( 1971): Hardware Activity-Recognition not supported.
W/BroadcastQueue( 1971): Skipping deliver [background] BroadcastRecord{114dd7a5 u-1 android.location.MODE_CHANGED} to ReceiverList{1d47be86 2993 com.android.systemui/10012/u-1 remote:2880d361}: process crashing
W/BroadcastQueue( 1971): Skipping deliver [background] BroadcastRecord{114dd7a5 u-1 android.location.MODE_CHANGED} to ReceiverList{893550e 2993 com.android.systemui/10012/u-1 remote:18ca0f09}: process crashing
I/ResourcesManager( 1971): Created app resources /system/priv-app/InputDevices/InputDevices.apk android.content.res.Resources@7e40c85: {1.0 ?mcc?mnc zh_CN ldltr sw360dp w360dp h615dp 320dpi nrml long port finger -keyb/v/h -nav/h s.5} appScale=1.0
I/MmsServiceBroker( 1971): systemRunning
I/ActivityManager( 1971): Start proc 3499:com.quicinc.cne.CNEService/1000 for added application com.quicinc.cne.CNEService
I/ActivityManager( 1971): Start proc 3525:wangpos.upgrade.system/1000 for added application wangpos.upgrade.system
I/ActivityManager( 1971): Start proc 3570:cn.weiposmsg.main/u0a44 for added application cn.weiposmsg.main
I/ActivityManager( 1971): Start proc 3598:com.wangpos.systeminterface/1000 for added application com.wangpos.systeminterface
I/ActivityManager( 1971): Start proc 3623:com.qualcomm.qti.services.secureui:sui_service/1000 for added application com.qualcomm.qti.services.secureui:sui_service
W/WindowManager( 1971): Keyguard drawn timeout. Setting mKeyguardDrawComplete
I/ActivityManager( 1971): Start proc 3641:com.android.phone/1001 for added application com.android.phone
I/ActivityManager( 1971): Start proc 3660:com.wangpos.service/1000 for added application com.wangpos.service
D/ActivityManager( 1971): isDefaultLauncherInstall = false
I/ActivityManager( 1971): START u0 {act=android.intent.action.MAIN cat=[android.intent.category.HOME] flg=0x10000000 cmp=cn.wiseasy.launcher/.Launcher} from uid 0 on display 0
I/ResourcesManager( 1971): Created app resources /system/app/WangUI3_Launcher/WangUI3_Launcher.apk android.content.res.Resources@3b9a20f5: {1.0 ?mcc?mnc zh_CN ldltr sw360dp w360dp h615dp 320dpi nrml long port finger -keyb/v/h -nav/h s.5} appScale=1.0
V/WindowManager( 1971): addAppToken: AppWindowToken{3bbe5956 token=Token{db8d771 ActivityRecord{12d26118 u0 cn.wiseasy.launcher/.Launcher t5}}} to stack=0 task=5 at 0
I/ActivityManager( 1971): Start proc 3678:cn.wiseasy.launcher/1000 for activity cn.wiseasy.launcher/.Launcher
I/SystemServer( 1971): Enabled StrictMode for system server main thread.
I/ActivityManager( 1971): Start proc 3705:com.android.printspooler/u0a33 for service com.android.printspooler/.model.PrintSpoolerService
I/ActivityManager( 1971): Process com.android.systemui (pid 2993) has died
W/ActivityManager( 1971): Scheduling restart of crashed service com.android.systemui/.keyguard.KeyguardService in 0ms
W/ActivityManager( 1971): Scheduling restart of crashed service com.android.systemui/.ImageWallpaper in 0ms
W/ActivityManager( 1971): Scheduling restart of crashed service com.android.systemui/.SystemUIService in 0ms
W/ResourcesManager( 3499): Asset path '/system/framework/com.quicinc.cne.jar' does not exist or contains no resources.
I/ResourcesManager( 3499): Created app resources /system/priv-app/CNEService/CNEService.apk android.content.res.Resources@df9a4bb: {1.0 ?mcc?mnc zh_CN ldltr sw360dp w360dp h615dp 320dpi nrml long port finger -keyb/v/h -nav/h s.5} appScale=1.0
I/ResourcesManager( 3570): Created app resources /system/app/WangPosMsgCenter_3-release/WangPosMsgCenter_3-release.apk android.content.res.Resources@df9a4bb: {1.0 ?mcc?mnc zh_CN ldltr sw360dp w360dp h615dp 320dpi nrml long port finger -keyb/v/h -nav/h s.5} appScale=1.0
I/ResourcesManager( 3525): Created app resources /system/app/UpgradeHelperService/UpgradeHelperService.apk android.content.res.Resources@df9a4bb: {1.0 ?mcc?mnc zh_CN ldltr sw360dp w360dp h615dp 320dpi nrml long port finger -keyb/v/h -nav/h s.5} appScale=1.0
I/ActivityManager( 1971): Start proc 3752:com.android.systemui/u0a12 for restart com.android.systemui
W/ResourcesManager( 3598): Asset path '/system/framework/qcrilhook.jar' does not exist or contains no resources.
W/ResourcesManager( 3598): Asset path '/system/framework/qcnvitems.jar' does not exist or contains no resources.
I/ResourcesManager( 3598): Created app resources /system/app/WangPosSystemService/WangPosSystemService.apk android.content.res.Resources@df9a4bb: {1.0 ?mcc?mnc zh_CN ldltr sw360dp w360dp h615dp 320dpi nrml long port finger -keyb/v/h -nav/h s.5} appScale=1.0
W/BroadcastQueue( 1971): Failure sending broadcast Intent { act=android.intent.action.USER_SWITCHED flg=0x50000010 (has extras) }
W/BroadcastQueue( 1971): android.os.RemoteException: app.thread must not be null
W/BroadcastQueue( 1971): 	at com.android.server.am.BroadcastQueue.performReceiveLocked(BroadcastQueue.java:437)
W/BroadcastQueue( 1971): 	at com.android.server.am.BroadcastQueue.deliverToRegisteredReceiverLocked(BroadcastQueue.java:523)
W/BroadcastQueue( 1971): 	at com.android.server.am.BroadcastQueue.processNextBroadcast(BroadcastQueue.java:571)
W/BroadcastQueue( 1971): 	at com.android.server.am.BroadcastQueue$BroadcastHandler.handleMessage(BroadcastQueue.java:151)
W/BroadcastQueue( 1971): 	at android.os.Handler.dispatchMessage(Handler.java:102)
W/BroadcastQueue( 1971): 	at android.os.Looper.loop(Looper.java:135)
W/BroadcastQueue( 1971): 	at android.os.HandlerThread.run(HandlerThread.java:61)
W/BroadcastQueue( 1971): 	at com.android.server.ServiceThread.run(ServiceThread.java:46)
V/ActivityManager( 1971): Display changed displayId=0
V/ActivityManager( 1971): Display changed displayId=0
V/ActivityManager( 1971): Display changed displayId=0
I/ResourcesManager( 1971): Created app resources /system/framework/framework-res.apk android.content.res.Resources@3612281d: {1.0 ?mcc?mnc zh_CN ldltr sw360dp w360dp h615dp 320dpi nrml long port finger -keyb/v/h -nav/h s.5} appScale=1.0
I/ResourcesManager( 3623): Created app resources /system/app/com.qualcomm.qti.services.secureui/com.qualcomm.qti.services.secureui.apk android.content.res.Resources@df9a4bb: {1.0 ?mcc?mnc zh_CN ldltr sw360dp w360dp h615dp 320dpi nrml long port finger -keyb/v/h -nav/h s.5} appScale=1.0
I/ResourcesManager( 3641): Created app resources /system/priv-app/TeleService/TeleService.apk android.content.res.Resources@df9a4bb: {1.0 ?mcc?mnc zh_CN ldltr sw360dp w360dp h615dp 320dpi nrml long port finger -keyb/v/h -nav/h s.5} appScale=1.0
